// Jest Snapshot v1, https://goo.gl/fbAQLP

exports[`expect render loader component 1`] = `ShallowWrapper {}`;
