// Jest Snapshot v1, https://goo.gl/fbAQLP

exports[`expect render Header component 1`] = `ShallowWrapper {}`;
